{"level":"info","message":"✅ R2 uploader initialized (bucket=\"fahari-careers\", endpoint=\"https://758dd6cb467486f219841939d8231147.r2.cloudflarestorage.com\")","timestamp":"2025-10-01 18:28:29"}
{"level":"info","message":"✅ SMTP verified (host=mail.faharidairies.co.ke, port=465, secure=true)","timestamp":"2025-10-01 18:28:29"}
{"level":"info","message":"✅ MongoDB connected (connectDB executed).","timestamp":"2025-10-01 18:28:31"}
{"level":"info","message":"✅ SMTP verified: host=mail.faharidairies.co.ke, port=465, secure=true","timestamp":"2025-10-01 18:28:31"}
{"level":"info","message":"✅ Mailer initialized","timestamp":"2025-10-01 18:28:31"}
{"level":"info","message":"✅ Cloudflare R2 uploader initialized","timestamp":"2025-10-01 18:28:31"}
{"level":"info","message":"⚙️ trust proxy set to: loopback","timestamp":"2025-10-01 18:28:31"}
{"level":"info","message":"⚡ Real-time Socket.IO server initialized","timestamp":"2025-10-01 18:28:31"}
{"level":"info","message":"⚡ Real-time Socket.IO server initialized","timestamp":"2025-10-01 18:28:31"}
{"level":"info","message":"🚀 Server running in production mode on port 5000","timestamp":"2025-10-01 18:28:31"}
{"level":"info","message":"getAllJobs: returned 1 / 1 (page 1, limit 20)","timestamp":"2025-10-01 18:30:39"}
{"level":"info","message":"✅ Top blogs fetched successfully","timestamp":"2025-10-01 18:30:39"}
{"level":"info","message":"getAllJobs: returned 1 / 1 (page 1, limit 20)","timestamp":"2025-10-01 18:30:45"}
{"level":"info","message":"✅ Top blogs fetched successfully","timestamp":"2025-10-01 18:30:46"}
{"level":"info","message":"🗑️ Blog deleted: Edu (68dc324f1541979a46b9f562)","timestamp":"2025-10-01 18:30:53"}
{"level":"error","message":"❌ Blog validation failed: Content must be at least 20 characters","timestamp":"2025-10-01 18:35:23"}
{"level":"error","message":"❌ Blog validation failed: Content must be at least 20 characters","timestamp":"2025-10-01 18:40:21"}
{"level":"info","message":"⚠️ Received SIGINT. Shutting down gracefully...","timestamp":"2025-10-01 19:05:38"}
{"level":"info","message":"✅ R2 uploader initialized (bucket=\"fahari-careers\", endpoint=\"https://758dd6cb467486f219841939d8231147.r2.cloudflarestorage.com\")","timestamp":"2025-10-01 19:05:48"}
{"level":"info","message":"✅ SMTP verified (host=mail.faharidairies.co.ke, port=465, secure=true)","timestamp":"2025-10-01 19:05:49"}
{"level":"info","message":"✅ MongoDB connected (connectDB executed).","timestamp":"2025-10-01 19:05:50"}
{"level":"info","message":"✅ SMTP verified: host=mail.faharidairies.co.ke, port=465, secure=true","timestamp":"2025-10-01 19:05:51"}
{"level":"info","message":"✅ Mailer initialized","timestamp":"2025-10-01 19:05:51"}
{"level":"info","message":"✅ Cloudflare R2 uploader initialized","timestamp":"2025-10-01 19:05:51"}
{"level":"info","message":"⚙️ trust proxy set to: loopback","timestamp":"2025-10-01 19:05:51"}
{"level":"info","message":"⚡ Real-time Socket.IO server initialized","timestamp":"2025-10-01 19:05:51"}
{"level":"info","message":"⚡ Real-time Socket.IO server initialized","timestamp":"2025-10-01 19:05:51"}
{"level":"info","message":"🚀 Server running in production mode on port 5000","timestamp":"2025-10-01 19:05:51"}
{"level":"info","message":"⚠️ Received SIGINT. Shutting down gracefully...","timestamp":"2025-10-01 19:06:08"}
{"level":"info","message":"✅ R2 uploader initialized (bucket=\"fahari-careers\", endpoint=\"https://758dd6cb467486f219841939d8231147.r2.cloudflarestorage.com\")","timestamp":"2025-10-01 19:06:16"}
{"level":"info","message":"✅ SMTP verified (host=mail.faharidairies.co.ke, port=465, secure=true)","timestamp":"2025-10-01 19:06:17"}
{"level":"info","message":"✅ MongoDB connected (connectDB executed).","timestamp":"2025-10-01 19:06:19"}
{"level":"info","message":"✅ SMTP verified: host=mail.faharidairies.co.ke, port=465, secure=true","timestamp":"2025-10-01 19:06:19"}
{"level":"info","message":"✅ Mailer initialized","timestamp":"2025-10-01 19:06:19"}
{"level":"info","message":"✅ Cloudflare R2 uploader initialized","timestamp":"2025-10-01 19:06:19"}
{"level":"info","message":"⚙️ trust proxy set to: loopback","timestamp":"2025-10-01 19:06:19"}
{"level":"info","message":"⚡ Real-time Socket.IO server initialized","timestamp":"2025-10-01 19:06:19"}
{"level":"info","message":"⚡ Real-time Socket.IO server initialized","timestamp":"2025-10-01 19:06:19"}
{"level":"info","message":"🚀 Server running in production mode on port 5000","timestamp":"2025-10-01 19:06:19"}
{"level":"info","message":"getAllJobs: returned 1 / 1 (page 1, limit 20)","timestamp":"2025-10-01 19:07:14"}
{"level":"info","message":"✅ Top blogs fetched successfully","timestamp":"2025-10-01 19:07:14"}
{"level":"info","message":"getAllJobs: returned 1 / 1 (page 1, limit 20)","timestamp":"2025-10-01 19:07:21"}
{"level":"info","message":"✅ Top blogs fetched successfully","timestamp":"2025-10-01 19:07:21"}
{"level":"info","message":"✅ New visitor connected: m33x5XY8Y0fZGSaoAAAC","timestamp":"2025-10-01 19:07:25"}
{"level":"info","message":"getAllJobs: returned 1 / 1 (page 1, limit 20)","timestamp":"2025-10-01 19:07:25"}
{"level":"info","message":"❌ Visitor disconnected: m33x5XY8Y0fZGSaoAAAC","timestamp":"2025-10-01 19:07:39"}
{"level":"info","message":"getAllApplications: returned 0 / 0","timestamp":"2025-10-01 19:07:39"}
{"level":"info","message":"✅ New blog created: The Simple Secret to a Healthy Gut: Why Kenyan Yoghurt is Your Best Daily Snack (68dd52cf0d3f66d5d0315f2a)","timestamp":"2025-10-01 19:12:00"}
{"level":"info","message":"getAllJobs: returned 1 / 1 (page 1, limit 20)","timestamp":"2025-10-01 19:14:20"}
{"level":"info","message":"getAllJobs: returned 1 / 1 (page 1, limit 20)","timestamp":"2025-10-01 19:14:21"}
{"level":"info","message":"⚠️ Received SIGINT. Shutting down gracefully...","timestamp":"2025-10-01 19:18:50"}
{"level":"info","message":"✅ R2 uploader initialized (bucket=\"fahari-careers\", endpoint=\"https://758dd6cb467486f219841939d8231147.r2.cloudflarestorage.com\")","timestamp":"2025-10-01 19:19:02"}
{"level":"info","message":"✅ SMTP verified (host=mail.faharidairies.co.ke, port=465, secure=true)","timestamp":"2025-10-01 19:19:03"}
{"level":"info","message":"✅ MongoDB connected (connectDB executed).","timestamp":"2025-10-01 19:19:05"}
{"level":"info","message":"✅ SMTP verified: host=mail.faharidairies.co.ke, port=465, secure=true","timestamp":"2025-10-01 19:19:05"}
{"level":"info","message":"✅ Mailer initialized","timestamp":"2025-10-01 19:19:05"}
{"level":"info","message":"✅ Cloudflare R2 uploader initialized","timestamp":"2025-10-01 19:19:05"}
{"level":"info","message":"⚙️ trust proxy set to: loopback","timestamp":"2025-10-01 19:19:05"}
{"level":"info","message":"⚡ Real-time Socket.IO server initialized","timestamp":"2025-10-01 19:19:05"}
{"level":"info","message":"⚡ Real-time Socket.IO server initialized","timestamp":"2025-10-01 19:19:05"}
{"level":"info","message":"🚀 Server running in production mode on port 5000","timestamp":"2025-10-01 19:19:05"}
{"level":"info","message":"⚠️ Received SIGINT. Shutting down gracefully...","timestamp":"2025-10-01 19:41:11"}
{"level":"info","message":"✅ R2 uploader initialized (bucket=\"fahari-careers\", endpoint=\"https://758dd6cb467486f219841939d8231147.r2.cloudflarestorage.com\")","timestamp":"2025-10-01 19:41:21"}
{"level":"info","message":"✅ SMTP verified (host=mail.faharidairies.co.ke, port=465, secure=true)","timestamp":"2025-10-01 19:41:22"}
{"level":"info","message":"✅ MongoDB connected (connectDB executed).","timestamp":"2025-10-01 19:41:23"}
{"level":"info","message":"✅ SMTP verified: host=mail.faharidairies.co.ke, port=465, secure=true","timestamp":"2025-10-01 19:41:23"}
{"level":"info","message":"✅ Mailer initialized","timestamp":"2025-10-01 19:41:23"}
{"level":"info","message":"✅ Cloudflare R2 uploader initialized","timestamp":"2025-10-01 19:41:23"}
{"level":"info","message":"⚙️ trust proxy set to: loopback","timestamp":"2025-10-01 19:41:23"}
{"level":"info","message":"⚡ Real-time Socket.IO server initialized","timestamp":"2025-10-01 19:41:23"}
{"level":"info","message":"⚡ Real-time Socket.IO server initialized","timestamp":"2025-10-01 19:41:23"}
{"level":"info","message":"🚀 Server running in production mode on port 5000","timestamp":"2025-10-01 19:41:23"}
{"level":"info","message":"getAllJobs: returned 1 / 1 (page 1, limit 20)","timestamp":"2025-10-01 19:42:30"}
{"level":"info","message":"⚠️ Received SIGINT. Shutting down gracefully...","timestamp":"2025-10-01 21:01:24"}
